
> temalacoffee@0.1.0 build
> next build

   Γû▓ Next.js 16.0.7 (Turbopack)

   Creating an optimized production build ...
 Γ£ô Compiled successfully in 3.9s
   Running TypeScript ...
node.exe : Failed to 
compile.
At C:\Program Files\n
odejs\npm.ps1:29 
char:3
+   & $NODE_EXE 
$NPM_CLI_JS $args
+   ~~~~~~~~~~~~~~~~~
~~~~~~~~~~~~
    + CategoryInfo   
           : NotSpe  
  cified: (Failed    
 to compile.:Stri    
ng) [], RemoteEx    
ception
    + FullyQualified 
   ErrorId : Native  
  CommandError
 

./app/api/orders/rout
e.ts:32:40
Type error: 
Parameter 'order' 
implicitly has an 
'any' type.

[0m [90m 30 |[39m
 [90m 31 |[39m     
[90m// Format data 
agar sesuai dengan 
ekspektasi Frontend 
(menggunakan 
'items')[39m
[31m[1m>[22m[39m
[90m 32 |[39m     
[36mconst[39m 
formattedOrders 
[33m=[39m orders[3
3m.[39mmap(order 
[33m=>[39m ({
 [90m    |[39m     
                     
              
[31m[1m^[22m[39m
 [90m 33 |[39m     
    [33m...[39morde
r[33m,[39m
 [90m 34 |[39m     
    [90m// Ubah 
orderItems menjadi 
items agar seragam 
dengan fungsi 
POST[39m
 [90m 35 |[39m     
    items[33m:[39m 
order[33m.[39morder
Items[33m.[39mmap(i
tem [33m=>[39m 
({[0m
Next.js build worker 
exited with code: 1 
and signal: null
